2025-09-03 02:45:28,450 - __main__ - INFO - ✅ 已创建systemd服务文件: /etc/systemd/system/lxd-flow-continuity.service
2025-09-03 02:45:28,451 - __main__ - INFO - 启用服务: sudo systemctl enable lxd-flow-continuity
2025-09-03 02:45:28,451 - __main__ - INFO - 启动服务: sudo systemctl start lxd-flow-continuity
2025-09-03 02:45:30,311 - __main__ - INFO - ============================================================
2025-09-03 02:45:30,313 - __main__ - INFO - 流量连续性守护进程
2025-09-03 02:45:30,313 - __main__ - INFO - ============================================================
2025-09-03 02:45:30,314 - flow_manager - INFO - 流量管理数据库初始化完成
2025-09-03 02:45:30,357 - __main__ - INFO - 启动流量连续性守护进程，检查间隔: 60秒
2025-09-03 02:45:31,023 - __main__ - INFO - 收到信号 15，正在停止守护进程...
2025-09-03 02:46:06,036 - __main__ - INFO - ============================================================
2025-09-03 02:46:06,038 - __main__ - INFO - 流量连续性守护进程
2025-09-03 02:46:06,038 - __main__ - INFO - ============================================================
2025-09-03 02:46:06,040 - flow_manager - INFO - 流量管理数据库初始化完成
2025-09-03 02:46:06,432 - __main__ - INFO - 启动流量连续性守护进程，检查间隔: 300秒
2025-09-03 02:56:06,439 - __main__ - INFO - 健康检查: 总检查 2, 成功率 100.0%
2025-09-03 03:06:06,755 - __main__ - INFO - 健康检查: 总检查 4, 成功率 100.0%
2025-09-03 03:21:06,530 - __main__ - INFO - 健康检查: 总检查 7, 成功率 100.0%
2025-09-03 03:31:06,667 - __main__ - INFO - 健康检查: 总检查 9, 成功率 100.0%
2025-09-03 03:41:06,670 - __main__ - INFO - 健康检查: 总检查 11, 成功率 100.0%
2025-09-03 03:51:06,779 - __main__ - INFO - 健康检查: 总检查 13, 成功率 100.0%
2025-09-03 04:06:06,630 - __main__ - INFO - 健康检查: 总检查 16, 成功率 100.0%
2025-09-03 04:21:06,659 - __main__ - INFO - 健康检查: 总检查 19, 成功率 100.0%
2025-09-03 04:31:06,659 - __main__ - INFO - 健康检查: 总检查 21, 成功率 100.0%
2025-09-03 04:41:06,660 - __main__ - INFO - 健康检查: 总检查 23, 成功率 100.0%
2025-09-03 04:51:06,678 - __main__ - INFO - 健康检查: 总检查 25, 成功率 100.0%
2025-09-03 05:01:06,764 - __main__ - INFO - 健康检查: 总检查 27, 成功率 100.0%
2025-09-03 05:16:06,859 - __main__ - INFO - 健康检查: 总检查 30, 成功率 100.0%
2025-09-03 05:31:06,659 - __main__ - INFO - 健康检查: 总检查 33, 成功率 100.0%
2025-09-03 05:41:07,087 - __main__ - INFO - 健康检查: 总检查 35, 成功率 100.0%
2025-09-03 05:56:06,680 - __main__ - INFO - 健康检查: 总检查 38, 成功率 100.0%
2025-09-03 06:06:06,730 - __main__ - INFO - 健康检查: 总检查 40, 成功率 100.0%
2025-09-03 06:21:06,761 - __main__ - INFO - 健康检查: 总检查 43, 成功率 100.0%
2025-09-03 06:36:06,730 - __main__ - INFO - 健康检查: 总检查 46, 成功率 100.0%
2025-09-03 06:51:06,730 - __main__ - INFO - 健康检查: 总检查 49, 成功率 100.0%
2025-09-03 07:01:06,751 - __main__ - INFO - 健康检查: 总检查 51, 成功率 100.0%
2025-09-03 07:16:06,661 - __main__ - INFO - 健康检查: 总检查 54, 成功率 100.0%
2025-09-03 07:26:06,681 - __main__ - INFO - 健康检查: 总检查 56, 成功率 100.0%
2025-09-03 07:36:06,729 - __main__ - INFO - 健康检查: 总检查 58, 成功率 100.0%
2025-09-03 07:51:06,663 - __main__ - INFO - 健康检查: 总检查 61, 成功率 100.0%
2025-09-03 08:01:06,754 - __main__ - INFO - 健康检查: 总检查 63, 成功率 100.0%
2025-09-03 08:16:06,730 - __main__ - INFO - 健康检查: 总检查 66, 成功率 100.0%
2025-09-03 08:31:06,661 - __main__ - INFO - 健康检查: 总检查 69, 成功率 100.0%
2025-09-03 08:41:06,749 - __main__ - INFO - 健康检查: 总检查 71, 成功率 100.0%
2025-09-03 08:56:06,831 - __main__ - INFO - 健康检查: 总检查 74, 成功率 100.0%
2025-09-03 09:11:06,730 - __main__ - INFO - 健康检查: 总检查 77, 成功率 100.0%
2025-09-03 09:26:06,630 - __main__ - INFO - 健康检查: 总检查 80, 成功率 100.0%
2025-09-03 09:36:06,764 - __main__ - INFO - 健康检查: 总检查 82, 成功率 100.0%
2025-09-03 09:51:06,774 - __main__ - INFO - 健康检查: 总检查 85, 成功率 100.0%
2025-09-03 10:06:06,660 - __main__ - INFO - 健康检查: 总检查 88, 成功率 100.0%
2025-09-03 10:16:06,769 - __main__ - INFO - 健康检查: 总检查 90, 成功率 100.0%
2025-09-03 10:31:06,697 - __main__ - INFO - 健康检查: 总检查 93, 成功率 100.0%
2025-09-03 10:41:06,730 - __main__ - INFO - 健康检查: 总检查 95, 成功率 100.0%
2025-09-03 10:56:06,761 - __main__ - INFO - 健康检查: 总检查 98, 成功率 100.0%
2025-09-03 11:11:06,661 - __main__ - INFO - 健康检查: 总检查 101, 成功率 100.0%
2025-09-03 11:21:06,754 - __main__ - INFO - 健康检查: 总检查 103, 成功率 100.0%
2025-09-03 11:36:06,831 - __main__ - INFO - 健康检查: 总检查 106, 成功率 100.0%
2025-09-03 11:51:06,730 - __main__ - INFO - 健康检查: 总检查 109, 成功率 100.0%
2025-09-03 12:06:06,730 - __main__ - INFO - 健康检查: 总检查 112, 成功率 100.0%
2025-09-03 12:16:06,753 - __main__ - INFO - 健康检查: 总检查 114, 成功率 100.0%
2025-09-03 12:31:06,730 - __main__ - INFO - 健康检查: 总检查 117, 成功率 100.0%
2025-09-03 12:41:06,730 - __main__ - INFO - 健康检查: 总检查 119, 成功率 100.0%
2025-09-03 12:56:06,649 - __main__ - INFO - 健康检查: 总检查 122, 成功率 100.0%
2025-09-03 13:06:06,729 - __main__ - INFO - 健康检查: 总检查 124, 成功率 100.0%
2025-09-03 13:21:06,751 - __main__ - INFO - 健康检查: 总检查 127, 成功率 100.0%
2025-09-03 13:31:06,759 - __main__ - INFO - 健康检查: 总检查 129, 成功率 100.0%
2025-09-03 13:41:06,790 - __main__ - INFO - 健康检查: 总检查 131, 成功率 100.0%
2025-09-03 13:56:06,772 - __main__ - INFO - 健康检查: 总检查 134, 成功率 100.0%
2025-09-03 14:06:06,830 - __main__ - INFO - 健康检查: 总检查 136, 成功率 100.0%
2025-09-03 14:16:06,858 - __main__ - INFO - 健康检查: 总检查 138, 成功率 100.0%
2025-09-03 14:26:06,858 - __main__ - INFO - 健康检查: 总检查 140, 成功率 100.0%
2025-09-03 14:41:06,750 - __main__ - INFO - 健康检查: 总检查 143, 成功率 100.0%
2025-09-03 14:51:06,964 - __main__ - INFO - 健康检查: 总检查 145, 成功率 100.0%
2025-09-03 15:06:06,852 - __main__ - INFO - 健康检查: 总检查 148, 成功率 100.0%
2025-09-03 15:21:06,830 - __main__ - INFO - 健康检查: 总检查 151, 成功率 100.0%
2025-09-03 15:31:06,929 - __main__ - INFO - 健康检查: 总检查 153, 成功率 100.0%
2025-09-03 15:46:06,830 - __main__ - INFO - 健康检查: 总检查 156, 成功率 100.0%
2025-09-03 15:56:06,830 - __main__ - INFO - 健康检查: 总检查 158, 成功率 100.0%
2025-09-03 16:11:06,854 - __main__ - INFO - 健康检查: 总检查 161, 成功率 100.0%
2025-09-03 16:26:06,759 - __main__ - INFO - 健康检查: 总检查 164, 成功率 100.0%
2025-09-03 16:36:06,760 - __main__ - INFO - 健康检查: 总检查 166, 成功率 100.0%
2025-09-03 16:51:06,854 - __main__ - INFO - 健康检查: 总检查 169, 成功率 100.0%
2025-09-03 17:01:06,854 - __main__ - INFO - 健康检查: 总检查 171, 成功率 100.0%
2025-09-03 17:16:06,786 - __main__ - INFO - 健康检查: 总检查 174, 成功率 100.0%
2025-09-03 17:31:06,783 - __main__ - INFO - 健康检查: 总检查 177, 成功率 100.0%
2025-09-03 17:41:06,856 - __main__ - INFO - 健康检查: 总检查 179, 成功率 100.0%
2025-09-03 17:56:06,830 - __main__ - INFO - 健康检查: 总检查 182, 成功率 100.0%
2025-09-03 18:06:06,873 - __main__ - INFO - 健康检查: 总检查 184, 成功率 100.0%
2025-09-03 18:21:06,757 - __main__ - INFO - 健康检查: 总检查 187, 成功率 100.0%
2025-09-03 18:31:06,830 - __main__ - INFO - 健康检查: 总检查 189, 成功率 100.0%
2025-09-03 18:46:06,830 - __main__ - INFO - 健康检查: 总检查 192, 成功率 100.0%
2025-09-03 18:56:06,833 - __main__ - INFO - 健康检查: 总检查 194, 成功率 100.0%
2025-09-03 19:11:06,830 - __main__ - INFO - 健康检查: 总检查 197, 成功率 100.0%
2025-09-03 19:21:06,830 - __main__ - INFO - 健康检查: 总检查 199, 成功率 100.0%
2025-09-03 19:31:06,844 - __main__ - INFO - 健康检查: 总检查 201, 成功率 100.0%
2025-09-03 19:46:06,848 - __main__ - INFO - 健康检查: 总检查 204, 成功率 100.0%
2025-09-03 20:01:06,863 - __main__ - INFO - 健康检查: 总检查 207, 成功率 100.0%
2025-09-03 20:16:06,856 - __main__ - INFO - 健康检查: 总检查 210, 成功率 100.0%
2025-09-03 20:31:06,888 - __main__ - INFO - 健康检查: 总检查 213, 成功率 100.0%
2025-09-03 20:46:06,854 - __main__ - INFO - 健康检查: 总检查 216, 成功率 100.0%
2025-09-03 21:01:06,830 - __main__ - INFO - 健康检查: 总检查 219, 成功率 100.0%
2025-09-03 21:16:06,780 - __main__ - INFO - 健康检查: 总检查 222, 成功率 100.0%
2025-09-03 21:26:06,852 - __main__ - INFO - 健康检查: 总检查 224, 成功率 100.0%
2025-09-03 21:41:06,830 - __main__ - INFO - 健康检查: 总检查 227, 成功率 100.0%
2025-09-03 21:56:06,830 - __main__ - INFO - 健康检查: 总检查 230, 成功率 100.0%
2025-09-03 22:11:06,762 - __main__ - INFO - 健康检查: 总检查 233, 成功率 100.0%
2025-09-03 22:21:06,784 - __main__ - INFO - 健康检查: 总检查 235, 成功率 100.0%
2025-09-03 22:31:06,856 - __main__ - INFO - 健康检查: 总检查 237, 成功率 100.0%
2025-09-03 22:46:06,806 - __main__ - INFO - 健康检查: 总检查 240, 成功率 100.0%
2025-09-03 22:56:06,856 - __main__ - INFO - 健康检查: 总检查 242, 成功率 100.0%
2025-09-03 23:11:06,830 - __main__ - INFO - 健康检查: 总检查 245, 成功率 100.0%
2025-09-03 23:26:06,762 - __main__ - INFO - 健康检查: 总检查 248, 成功率 100.0%
2025-09-03 23:36:06,933 - __main__ - INFO - 健康检查: 总检查 250, 成功率 100.0%
